EN pic24 NULL //vboxsvr/proiect/PROIECT/PIC24/PIC24.vhf sub00/vhpl18 1705002159
AR rom32x24 rom32x24_arch //vboxsvr/proiect/PROIECT/PIC24/ROM32x32.vhd sub00/vhpl15 1705002146
AR file_regs behavioral //vboxsvr/proiect/PROIECT/PIC24/File_Regs.vhd sub00/vhpl05 1705002150
AR alu behavioral //vboxsvr/proiect/PROIECT/PIC24/ALU.vhd sub00/vhpl01 1705002152
EN datamem NULL //vboxsvr/proiect/PROIECT/PIC24/DataMem.vhd sub00/vhpl02 1705002153
AR mux2v16 behavioral //vboxsvr/proiect/PROIECT/PIC24/MUX2V16.vhd sub00/vhpl07 1705002156
EN file_regs NULL //vboxsvr/proiect/PROIECT/PIC24/File_Regs.vhd sub00/vhpl04 1705002149
EN mux2v5 NULL //vboxsvr/proiect/PROIECT/PIC24/MUX2V5.vhd sub00/vhpl08 1705002147
EN rom32x24 NULL //vboxsvr/proiect/PROIECT/PIC24/ROM32x32.vhd sub00/vhpl14 1705002145
AR pic24 behavioral //vboxsvr/proiect/PROIECT/PIC24/PIC24.vhf sub00/vhpl19 1705002160
EN pc_update NULL //vboxsvr/proiect/PROIECT/PIC24/PC_Update.vhd sub00/vhpl10 1705002141
AR ctrl behavioral //vboxsvr/proiect/PROIECT/PIC24/ctrl.vhd sub00/vhpl17 1705002158
EN progcnt NULL //vboxsvr/proiect/PROIECT/PIC24/ProgCnt.vhd sub00/vhpl12 1705002143
EN ctrl NULL //vboxsvr/proiect/PROIECT/PIC24/ctrl.vhd sub00/vhpl16 1705002157
AR progcnt behavioral //vboxsvr/proiect/PROIECT/PIC24/ProgCnt.vhd sub00/vhpl13 1705002144
EN mux2v16 NULL //vboxsvr/proiect/PROIECT/PIC24/MUX2V16.vhd sub00/vhpl06 1705002155
AR datamem behavioral //vboxsvr/proiect/PROIECT/PIC24/DataMem.vhd sub00/vhpl03 1705002154
AR mux2v5 behavioral //vboxsvr/proiect/PROIECT/PIC24/MUX2V5.vhd sub00/vhpl09 1705002148
AR pc_update behavioral //vboxsvr/proiect/PROIECT/PIC24/PC_Update.vhd sub00/vhpl11 1705002142
EN alu NULL //vboxsvr/proiect/PROIECT/PIC24/ALU.vhd sub00/vhpl00 1705002151
