Release 9.2.04i - xst J.40
Copyright (c) 1995-2007 Xilinx, Inc.  All rights reserved.
--> Parameter TMPDIR set to ./xst/projnav.tmp
CPU : 0.00 / 0.57 s | Elapsed : 0.00 / 1.00 s
 
--> Parameter xsthdpdir set to ./xst
CPU : 0.03 / 0.60 s | Elapsed : 0.00 / 1.00 s
 
--> Reading design: PIC24.prj

TABLE OF CONTENTS
  1) Synthesis Options Summary
  2) HDL Compilation
  3) Design Hierarchy Analysis
  4) HDL Analysis
  5) HDL Synthesis
     5.1) HDL Synthesis Report
  6) Advanced HDL Synthesis
     6.1) Advanced HDL Synthesis Report
  7) Low Level Synthesis
  8) Partition Report
  9) Final Report
     9.1) Device utilization summary
     9.2) Partition Resource Summary
     9.3) TIMING REPORT


=========================================================================
*                      Synthesis Options Summary                        *
=========================================================================
---- Source Parameters
Input File Name                    : "PIC24.prj"
Input Format                       : mixed
Ignore Synthesis Constraint File   : NO

---- Target Parameters
Output File Name                   : "PIC24"
Output Format                      : NGC
Target Device                      : xa3s50-4-vqg100

---- Source Options
Top Module Name                    : PIC24
Automatic FSM Extraction           : YES
FSM Encoding Algorithm             : Auto
Safe Implementation                : No
FSM Style                          : lut
RAM Extraction                     : Yes
RAM Style                          : Auto
ROM Extraction                     : Yes
Mux Style                          : Auto
Decoder Extraction                 : YES
Priority Encoder Extraction        : YES
Shift Register Extraction          : YES
Logical Shifter Extraction         : YES
XOR Collapsing                     : YES
ROM Style                          : Auto
Mux Extraction                     : YES
Resource Sharing                   : YES
Asynchronous To Synchronous        : NO
Multiplier Style                   : auto
Automatic Register Balancing       : No

---- Target Options
Add IO Buffers                     : YES
Global Maximum Fanout              : 500
Add Generic Clock Buffer(BUFG)     : 8
Register Duplication               : YES
Slice Packing                      : YES
Optimize Instantiated Primitives   : NO
Use Clock Enable                   : Yes
Use Synchronous Set                : Yes
Use Synchronous Reset              : Yes
Pack IO Registers into IOBs        : auto
Equivalent register Removal        : YES

---- General Options
Optimization Goal                  : Speed
Optimization Effort                : 1
Library Search Order               : PIC24.lso
Keep Hierarchy                     : NO
RTL Output                         : Yes
Global Optimization                : AllClockNets
Read Cores                         : YES
Write Timing Constraints           : NO
Cross Clock Analysis               : NO
Hierarchy Separator                : /
Bus Delimiter                      : <>
Case Specifier                     : maintain
Slice Utilization Ratio            : 100
BRAM Utilization Ratio             : 100
Verilog 2001                       : YES
Auto BRAM Packing                  : NO
Slice Utilization Ratio Delta      : 5

=========================================================================


=========================================================================
*                          HDL Compilation                              *
=========================================================================
WARNING:HDLParsers:3607 - Unit work/ALU is now defined in a different file.  It was defined in "Z:/PROIECT/PIC24/ALU.vhd", and is now defined in "//vboxsvr/proiect/PROIECT/PIC24/ALU.vhd".
WARNING:HDLParsers:3607 - Unit work/ALU/Behavioral is now defined in a different file.  It was defined in "Z:/PROIECT/PIC24/ALU.vhd", and is now defined in "//vboxsvr/proiect/PROIECT/PIC24/ALU.vhd".
WARNING:HDLParsers:3607 - Unit work/DataMem is now defined in a different file.  It was defined in "Z:/PROIECT/PIC24/DataMem.vhd", and is now defined in "//vboxsvr/proiect/PROIECT/PIC24/DataMem.vhd".
WARNING:HDLParsers:3607 - Unit work/DataMem/Behavioral is now defined in a different file.  It was defined in "Z:/PROIECT/PIC24/DataMem.vhd", and is now defined in "//vboxsvr/proiect/PROIECT/PIC24/DataMem.vhd".
WARNING:HDLParsers:3607 - Unit work/File_Regs is now defined in a different file.  It was defined in "Z:/PROIECT/PIC24/File_Regs.vhd", and is now defined in "//vboxsvr/proiect/PROIECT/PIC24/File_Regs.vhd".
WARNING:HDLParsers:3607 - Unit work/File_Regs/Behavioral is now defined in a different file.  It was defined in "Z:/PROIECT/PIC24/File_Regs.vhd", and is now defined in "//vboxsvr/proiect/PROIECT/PIC24/File_Regs.vhd".
WARNING:HDLParsers:3607 - Unit work/MUX2V16 is now defined in a different file.  It was defined in "Z:/PROIECT/PIC24/MUX2V16.vhd", and is now defined in "//vboxsvr/proiect/PROIECT/PIC24/MUX2V16.vhd".
WARNING:HDLParsers:3607 - Unit work/MUX2V16/Behavioral is now defined in a different file.  It was defined in "Z:/PROIECT/PIC24/MUX2V16.vhd", and is now defined in "//vboxsvr/proiect/PROIECT/PIC24/MUX2V16.vhd".
WARNING:HDLParsers:3607 - Unit work/MUX2V5 is now defined in a different file.  It was defined in "Z:/PROIECT/PIC24/MUX2V5.vhd", and is now defined in "//vboxsvr/proiect/PROIECT/PIC24/MUX2V5.vhd".
WARNING:HDLParsers:3607 - Unit work/MUX2V5/Behavioral is now defined in a different file.  It was defined in "Z:/PROIECT/PIC24/MUX2V5.vhd", and is now defined in "//vboxsvr/proiect/PROIECT/PIC24/MUX2V5.vhd".
WARNING:HDLParsers:3607 - Unit work/PC_Update is now defined in a different file.  It was defined in "Z:/PROIECT/PIC24/PC_Update.vhd", and is now defined in "//vboxsvr/proiect/PROIECT/PIC24/PC_Update.vhd".
WARNING:HDLParsers:3607 - Unit work/PC_Update/Behavioral is now defined in a different file.  It was defined in "Z:/PROIECT/PIC24/PC_Update.vhd", and is now defined in "//vboxsvr/proiect/PROIECT/PIC24/PC_Update.vhd".
WARNING:HDLParsers:3607 - Unit work/ProgCnt is now defined in a different file.  It was defined in "Z:/PROIECT/PIC24/ProgCnt.vhd", and is now defined in "//vboxsvr/proiect/PROIECT/PIC24/ProgCnt.vhd".
WARNING:HDLParsers:3607 - Unit work/ProgCnt/Behavioral is now defined in a different file.  It was defined in "Z:/PROIECT/PIC24/ProgCnt.vhd", and is now defined in "//vboxsvr/proiect/PROIECT/PIC24/ProgCnt.vhd".
WARNING:HDLParsers:3607 - Unit work/ROM32x24 is now defined in a different file.  It was defined in "Z:/PROIECT/PIC24/ROM32x32.vhd", and is now defined in "//vboxsvr/proiect/PROIECT/PIC24/ROM32x32.vhd".
WARNING:HDLParsers:3607 - Unit work/ROM32x24/ROM32x24_arch is now defined in a different file.  It was defined in "Z:/PROIECT/PIC24/ROM32x32.vhd", and is now defined in "//vboxsvr/proiect/PROIECT/PIC24/ROM32x32.vhd".
WARNING:HDLParsers:3607 - Unit work/ctrl is now defined in a different file.  It was defined in "Z:/PROIECT/PIC24/ctrl.vhd", and is now defined in "//vboxsvr/proiect/PROIECT/PIC24/ctrl.vhd".
WARNING:HDLParsers:3607 - Unit work/ctrl/Behavioral is now defined in a different file.  It was defined in "Z:/PROIECT/PIC24/ctrl.vhd", and is now defined in "//vboxsvr/proiect/PROIECT/PIC24/ctrl.vhd".
Compiling vhdl file "//vboxsvr/proiect/PROIECT/PIC24/PC_Update.vhd" in Library work.
Architecture behavioral of Entity pc_update is up to date.
Compiling vhdl file "//vboxsvr/proiect/PROIECT/PIC24/ProgCnt.vhd" in Library work.
Architecture behavioral of Entity progcnt is up to date.
Compiling vhdl file "//vboxsvr/proiect/PROIECT/PIC24/ROM32x32.vhd" in Library work.
Architecture rom32x24_arch of Entity rom32x24 is up to date.
Compiling vhdl file "//vboxsvr/proiect/PROIECT/PIC24/MUX2V5.vhd" in Library work.
Architecture behavioral of Entity mux2v5 is up to date.
Compiling vhdl file "//vboxsvr/proiect/PROIECT/PIC24/File_Regs.vhd" in Library work.
Architecture behavioral of Entity file_regs is up to date.
Compiling vhdl file "//vboxsvr/proiect/PROIECT/PIC24/ALU.vhd" in Library work.
Architecture behavioral of Entity alu is up to date.
Compiling vhdl file "//vboxsvr/proiect/PROIECT/PIC24/DataMem.vhd" in Library work.
Architecture behavioral of Entity datamem is up to date.
Compiling vhdl file "//vboxsvr/proiect/PROIECT/PIC24/MUX2V16.vhd" in Library work.
Architecture behavioral of Entity mux2v16 is up to date.
Compiling vhdl file "//vboxsvr/proiect/PROIECT/PIC24/ctrl.vhd" in Library work.
Architecture behavioral of Entity ctrl is up to date.
Compiling vhdl file "//vboxsvr/proiect/PROIECT/PIC24/PIC24.vhf" in Library work.
WARNING:HDLParsers:3530 - Time stamp of file "//vboxsvr/proiect/PROIECT/PIC24/PIC24.vhf" is newer than current system time.
Entity <PIC24> compiled.
Entity <PIC24> (Architecture <BEHAVIORAL>) compiled.

=========================================================================
*                     Design Hierarchy Analysis                         *
=========================================================================
Analyzing hierarchy for entity <PIC24> in library <work> (architecture <BEHAVIORAL>).

Analyzing hierarchy for entity <PC_Update> in library <work> (architecture <behavioral>).

Analyzing hierarchy for entity <ProgCnt> in library <work> (architecture <behavioral>).

Analyzing hierarchy for entity <ROM32x24> in library <work> (architecture <rom32x24_arch>).

Analyzing hierarchy for entity <MUX2V5> in library <work> (architecture <behavioral>).

Analyzing hierarchy for entity <File_Regs> in library <work> (architecture <behavioral>).

Analyzing hierarchy for entity <ALU> in library <work> (architecture <behavioral>).

Analyzing hierarchy for entity <DataMem> in library <work> (architecture <behavioral>).

Analyzing hierarchy for entity <MUX2V16> in library <work> (architecture <behavioral>).

Analyzing hierarchy for entity <ctrl> in library <work> (architecture <behavioral>).


=========================================================================
*                            HDL Analysis                               *
=========================================================================
Analyzing Entity <PIC24> in library <work> (Architecture <BEHAVIORAL>).
Entity <PIC24> analyzed. Unit <PIC24> generated.

Analyzing Entity <PC_Update> in library <work> (Architecture <behavioral>).
Entity <PC_Update> analyzed. Unit <PC_Update> generated.

Analyzing Entity <ProgCnt> in library <work> (Architecture <behavioral>).
Entity <ProgCnt> analyzed. Unit <ProgCnt> generated.

Analyzing Entity <ROM32x24> in library <work> (Architecture <rom32x24_arch>).
Entity <ROM32x24> analyzed. Unit <ROM32x24> generated.

Analyzing Entity <MUX2V5> in library <work> (Architecture <behavioral>).
Entity <MUX2V5> analyzed. Unit <MUX2V5> generated.

Analyzing Entity <File_Regs> in library <work> (Architecture <behavioral>).
Entity <File_Regs> analyzed. Unit <File_Regs> generated.

Analyzing Entity <ALU> in library <work> (Architecture <behavioral>).
WARNING:Xst:1610 - "//vboxsvr/proiect/PROIECT/PIC24/ALU.vhd" line 83: Width mismatch. <sY> has a width of 17 bits but assigned expression is 35-bit wide.
WARNING:Xst:1610 - "//vboxsvr/proiect/PROIECT/PIC24/ALU.vhd" line 122: Width mismatch. <sADDC> has a width of 16 bits but assigned expression is 21-bit wide.
Entity <ALU> analyzed. Unit <ALU> generated.

Analyzing Entity <DataMem> in library <work> (Architecture <behavioral>).
Entity <DataMem> analyzed. Unit <DataMem> generated.

Analyzing Entity <MUX2V16> in library <work> (Architecture <behavioral>).
Entity <MUX2V16> analyzed. Unit <MUX2V16> generated.

Analyzing Entity <ctrl> in library <work> (Architecture <behavioral>).
Entity <ctrl> analyzed. Unit <ctrl> generated.


=========================================================================
*                           HDL Synthesis                               *
=========================================================================

Performing bidirectional port resolution...

Synthesizing Unit <PC_Update>.
    Related source file is "//vboxsvr/proiect/PROIECT/PIC24/PC_Update.vhd".
WARNING:Xst:647 - Input <CF> is never used.
WARNING:Xst:647 - Input <NF> is never used.
WARNING:Xst:647 - Input <ZF> is never used.
WARNING:Xst:647 - Input <BranchType> is never used.
WARNING:Xst:647 - Input <OVF> is never used.
WARNING:Xst:2734 - Property "use_dsp48" is not applicable for this technology.
WARNING:Xst:2734 - Property "use_dsp48" is not applicable for this technology.
    Found 6-bit adder for signal <New_PC$addsub0000> created at line 53.
    Found 6-bit adder for signal <PC_p2>.
    Summary:
	inferred   2 Adder/Subtractor(s).
Unit <PC_Update> synthesized.


Synthesizing Unit <ProgCnt>.
    Related source file is "//vboxsvr/proiect/PROIECT/PIC24/ProgCnt.vhd".
    Found 6-bit register for signal <PC>.
    Summary:
	inferred   6 D-type flip-flop(s).
Unit <ProgCnt> synthesized.


Synthesizing Unit <ROM32x24>.
    Related source file is "//vboxsvr/proiect/PROIECT/PIC24/ROM32x32.vhd".
    Found 32x24-bit ROM for signal <Data$rom0000> created at line 75.
    Summary:
	inferred   1 ROM(s).
Unit <ROM32x24> synthesized.


Synthesizing Unit <MUX2V5>.
    Related source file is "//vboxsvr/proiect/PROIECT/PIC24/MUX2V5.vhd".
Unit <MUX2V5> synthesized.


Synthesizing Unit <File_Regs>.
    Related source file is "//vboxsvr/proiect/PROIECT/PIC24/File_Regs.vhd".
    Found 16x16-bit dual-port RAM <Mram_s16Regs16> for signal <s16Regs16>.
    Found 16x16-bit dual-port RAM <Mram_s16Regs16_ren> for signal <s16Regs16>.
    Summary:
	inferred   2 RAM(s).
Unit <File_Regs> synthesized.


Synthesizing Unit <ALU>.
    Related source file is "//vboxsvr/proiect/PROIECT/PIC24/ALU.vhd".
WARNING:Xst:1305 - Output <CF> is never assigned. Tied to value 0.
WARNING:Xst:647 - Input <CE_NF> is never used.
WARNING:Xst:1305 - Output <NF> is never assigned. Tied to value 0.
WARNING:Xst:1305 - Output <Y> is never assigned. Tied to value 0000000000000000.
WARNING:Xst:647 - Input <CE_OVF> is never used.
WARNING:Xst:647 - Input <CE_ZF> is never used.
WARNING:Xst:1305 - Output <OVF> is never assigned. Tied to value 0.
WARNING:Xst:646 - Signal <sOV> is assigned but never used.
WARNING:Xst:1780 - Signal <Carry> is never used or assigned.
WARNING:Xst:1780 - Signal <cCary> is never used or assigned.
WARNING:Xst:1780 - Signal <sSUBBR> is never used or assigned.
WARNING:Xst:1780 - Signal <sN> is never used or assigned.
WARNING:Xst:646 - Signal <sZ> is assigned but never used.
WARNING:Xst:646 - Signal <sADDC> is assigned but never used.
WARNING:Xst:2734 - Property "use_dsp48" is not applicable for this technology.
    Found 1-bit xor2 for signal <sXOR$xor0000> created at line 126.
    Found 1-bit xor2 for signal <sXOR$xor0001> created at line 126.
    Found 1-bit xor2 for signal <sXOR$xor0002> created at line 126.
    Found 1-bit xor2 for signal <sXOR$xor0003> created at line 126.
    Found 1-bit xor2 for signal <sXOR$xor0004> created at line 126.
    Found 1-bit xor2 for signal <sXOR$xor0005> created at line 126.
    Found 1-bit xor2 for signal <sXOR$xor0006> created at line 126.
    Found 1-bit xor2 for signal <sXOR$xor0007> created at line 126.
    Found 1-bit xor2 for signal <sXOR$xor0008> created at line 126.
    Found 1-bit xor2 for signal <sXOR$xor0009> created at line 126.
    Found 17-bit 8-to-1 multiplexer for signal <sY>.
    Found 6-bit subtractor for signal <sY$sub0000> created at line 83.
    Found 16-bit comparator equal for signal <ZF$cmp_eq0000> created at line 74.
    Summary:
	inferred   1 Adder/Subtractor(s).
	inferred   1 Comparator(s).
	inferred  17 Multiplexer(s).
Unit <ALU> synthesized.


Synthesizing Unit <DataMem>.
    Related source file is "//vboxsvr/proiect/PROIECT/PIC24/DataMem.vhd".
    Found 16x16-bit single-port RAM <Mram_RAM> for signal <RAM>.
    Found 16-bit register for signal <OUTW0>.
    Summary:
	inferred   1 RAM(s).
	inferred  16 D-type flip-flop(s).
Unit <DataMem> synthesized.


Synthesizing Unit <MUX2V16>.
    Related source file is "//vboxsvr/proiect/PROIECT/PIC24/MUX2V16.vhd".
Unit <MUX2V16> synthesized.


Synthesizing Unit <ctrl>.
    Related source file is "//vboxsvr/proiect/PROIECT/PIC24/ctrl.vhd".
WARNING:Xst:737 - Found 3-bit latch for signal <ALUOP>.
INFO:Xst:2371 - HDL ADVISOR - Logic functions respectively driving the data and gate enable inputs of this latch share common terms. This situation will potentially lead to setup/hold violations and, as a result, to simulation problems. This situation may come from an incomplete case statement (all selector values are not covered). You should carefully review if it was in your intentions to describe such a latch.
Unit <ctrl> synthesized.


Synthesizing Unit <PIC24>.
    Related source file is "//vboxsvr/proiect/PROIECT/PIC24/PIC24.vhf".
WARNING:Xst:653 - Signal <BranchType> is used but never assigned. Tied to value 000.
WARNING:Xst:653 - Signal <RdData1> is used but never assigned. Tied to value 0000000000000000.
Unit <PIC24> synthesized.


=========================================================================
HDL Synthesis Report

Macro Statistics
# RAMs                                                 : 3
 16x16-bit dual-port RAM                               : 2
 16x16-bit single-port RAM                             : 1
# ROMs                                                 : 1
 32x24-bit ROM                                         : 1
# Adders/Subtractors                                   : 3
 6-bit adder                                           : 2
 6-bit subtractor                                      : 1
# Registers                                            : 2
 16-bit register                                       : 1
 6-bit register                                        : 1
# Latches                                              : 1
 3-bit latch                                           : 1
# Comparators                                          : 1
 16-bit comparator equal                               : 1
# Multiplexers                                         : 1
 17-bit 8-to-1 multiplexer                             : 1
# Xors                                                 : 10
 1-bit xor2                                            : 10

=========================================================================

=========================================================================
*                       Advanced HDL Synthesis                          *
=========================================================================

Loading device for application Rf_Device from file '3s50.nph' in environment C:\Xilinx92i.
INFO:Xst:2694 - Unit <PIC24> : The ROM <XLXI_3/Mrom_Data_rom0000> will be implemented as a read-only BLOCK RAM, absorbing the register: <XLXI_2/PC>.
    -----------------------------------------------------------------------
    | ram_type           | Block                               |          |
    -----------------------------------------------------------------------
    | Port A                                                              |
    |     aspect ratio   | 32-word x 24-bit                    |          |
    |     mode           | write-first                         |          |
    |     clkA           | connected to signal <Clk>           | rise     |
    |     weA            | connected to signal <BranchType>    | high     |
    |     addrA          | connected to signal <New_PC>        |          |
    |     diA            | connected to signal <BranchType>    |          |
    |     doA            | connected to signal <Instr>         |          |
    -----------------------------------------------------------------------
    | optimisation       | speed                               |          |
    -----------------------------------------------------------------------
INFO:Xst:2664 - HDL ADVISOR - Unit <File_Regs> : The RAM <Mram_s16Regs16> will be implemented on LUTs either because you have described an asynchronous read or because of currently unsupported block RAM features. If you have described an asynchronous read, making it synchronous would allow you to take advantage of available block RAM resources, for optimized device usage and improved timings. Please refer to your documentation for coding guidelines.
    -----------------------------------------------------------------------
    | ram_type           | Distributed                         |          |
    -----------------------------------------------------------------------
    | Port A                                                              |
    |     aspect ratio   | 16-word x 16-bit                    |          |
    |     clkA           | connected to signal <Clk>           | rise     |
    |     weA            | connected to signal <WrEn>          | high     |
    |     addrA          | connected to signal <WrReg>         |          |
    |     diA            | connected to signal <WRData>        |          |
    -----------------------------------------------------------------------
    | Port B                                                              |
    |     aspect ratio   | 16-word x 16-bit                    |          |
    |     addrB          | connected to signal <RdReg1>        |          |
    |     doB            | connected to signal <RdData1>       |          |
    -----------------------------------------------------------------------
INFO:Xst:2664 - HDL ADVISOR - Unit <File_Regs> : The RAM <Mram_s16Regs16_ren> will be implemented on LUTs either because you have described an asynchronous read or because of currently unsupported block RAM features. If you have described an asynchronous read, making it synchronous would allow you to take advantage of available block RAM resources, for optimized device usage and improved timings. Please refer to your documentation for coding guidelines.
    -----------------------------------------------------------------------
    | ram_type           | Distributed                         |          |
    -----------------------------------------------------------------------
    | Port A                                                              |
    |     aspect ratio   | 16-word x 16-bit                    |          |
    |     clkA           | connected to signal <Clk>           | rise     |
    |     weA            | connected to signal <WrEn>          | high     |
    |     addrA          | connected to signal <WrReg>         |          |
    |     diA            | connected to signal <WRData>        |          |
    -----------------------------------------------------------------------
    | Port B                                                              |
    |     aspect ratio   | 16-word x 16-bit                    |          |
    |     addrB          | connected to signal <RdReg2>        |          |
    |     doB            | connected to signal <RdData2>       |          |
    -----------------------------------------------------------------------
INFO:Xst:2664 - HDL ADVISOR - Unit <DataMem> : The RAM <Mram_RAM> will be implemented on LUTs either because you have described an asynchronous read or because of currently unsupported block RAM features. If you have described an asynchronous read, making it synchronous would allow you to take advantage of available block RAM resources, for optimized device usage and improved timings. Please refer to your documentation for coding guidelines.
    -----------------------------------------------------------------------
    | ram_type           | Distributed                         |          |
    -----------------------------------------------------------------------
    | Port A                                                              |
    |     aspect ratio   | 16-word x 16-bit                    |          |
    |     clkA           | connected to signal <Clk>           | rise     |
    |     weA            | connected to signal <_and0000>      | high     |
    |     addrA          | connected to signal <Addr>          |          |
    |     diA            | connected to signal <DataIn>        |          |
    |     doA            | connected to signal <MemData>       |          |
    -----------------------------------------------------------------------
WARNING:Xst:1710 - FF/Latch  <OUTW0_0> (without init value) has a constant value of 0 in block <XLXI_9>.
WARNING:Xst:1710 - FF/Latch  <OUTW0_1> (without init value) has a constant value of 0 in block <XLXI_9>.
WARNING:Xst:1710 - FF/Latch  <OUTW0_2> (without init value) has a constant value of 0 in block <XLXI_9>.
WARNING:Xst:1710 - FF/Latch  <OUTW0_3> (without init value) has a constant value of 0 in block <XLXI_9>.
WARNING:Xst:1710 - FF/Latch  <OUTW0_4> (without init value) has a constant value of 0 in block <XLXI_9>.
WARNING:Xst:1710 - FF/Latch  <OUTW0_5> (without init value) has a constant value of 0 in block <XLXI_9>.
WARNING:Xst:1710 - FF/Latch  <OUTW0_6> (without init value) has a constant value of 0 in block <XLXI_9>.
WARNING:Xst:1710 - FF/Latch  <OUTW0_7> (without init value) has a constant value of 0 in block <XLXI_9>.
WARNING:Xst:1710 - FF/Latch  <OUTW0_8> (without init value) has a constant value of 0 in block <XLXI_9>.
WARNING:Xst:1710 - FF/Latch  <OUTW0_9> (without init value) has a constant value of 0 in block <XLXI_9>.
WARNING:Xst:1710 - FF/Latch  <OUTW0_10> (without init value) has a constant value of 0 in block <XLXI_9>.
WARNING:Xst:1710 - FF/Latch  <OUTW0_11> (without init value) has a constant value of 0 in block <XLXI_9>.
WARNING:Xst:1710 - FF/Latch  <OUTW0_12> (without init value) has a constant value of 0 in block <XLXI_9>.
WARNING:Xst:1710 - FF/Latch  <OUTW0_13> (without init value) has a constant value of 0 in block <XLXI_9>.
WARNING:Xst:1710 - FF/Latch  <OUTW0_14> (without init value) has a constant value of 0 in block <XLXI_9>.
WARNING:Xst:1710 - FF/Latch  <OUTW0_15> (without init value) has a constant value of 0 in block <XLXI_9>.

=========================================================================
Advanced HDL Synthesis Report

Macro Statistics
# RAMs                                                 : 4
 16x16-bit dual-port distributed RAM                   : 2
 16x16-bit single-port distributed RAM                 : 1
 32x24-bit single-port block RAM                       : 1
# Adders/Subtractors                                   : 3
 1-bit subtractor                                      : 1
 6-bit adder                                           : 2
# Registers                                            : 22
 Flip-Flops                                            : 22
# Latches                                              : 1
 3-bit latch                                           : 1
# Comparators                                          : 1
 16-bit comparator equal                               : 1
# Multiplexers                                         : 1
 17-bit 8-to-1 multiplexer                             : 1
# Xors                                                 : 10
 1-bit xor2                                            : 10

=========================================================================

=========================================================================
*                         Low Level Synthesis                           *
=========================================================================
INFO:Xst:2261 - The FF/Latch <OUTW0_0> in Unit <DataMem> is equivalent to the following 15 FFs/Latches, which will be removed : <OUTW0_1> <OUTW0_2> <OUTW0_3> <OUTW0_4> <OUTW0_5> <OUTW0_6> <OUTW0_7> <OUTW0_8> <OUTW0_9> <OUTW0_10> <OUTW0_11> <OUTW0_12> <OUTW0_13> <OUTW0_14> <OUTW0_15> 
WARNING:Xst:1710 - FF/Latch  <OUTW0_0> (without init value) has a constant value of 0 in block <DataMem>.
FATAL_ERROR:Xst:Portability/export/Port_Main.h:127:1.17 - This application has discovered an exceptional condition from which it cannot recover.  Process will terminate. For more information on this error, please consult the Answers Database or open a WebCase with this project attached at http://www.xilinx.com/support.
